

Version:	3.50
CmdLine:	C:\developer\Java\ProgramacionVisual.exe --l4j-debug
JNI:		No
WOW64:		Yes
Working dir:	C:\developer\Java\.
Requires JDK:	No
Requires 64-Bit: No
Java min ver:	
Java max ver:	
Substitute:	JAVA_HOME = C:\Program Files\Java\jdk-1.8
Substitute:	PATH = C:\hadoop\hive;C:\WINDOWS\system32;C:\WINDOWS;C:\WINDOWS\System32\Wbem;C:\WINDOWS\System32\WindowsPowerShell\v1.0\;C:\Program Files\Common Files\Oracle\Java\javapath;C:\spark\bin;C:\Program Files (x86)\Thonny\Scripts;C:\Program Files (x86)\Thonny;C:\laragon\bin\php\php-8.1.10-Win32-vs16-x64;C:\Program Files (x86)\Common Files\Oracle\Java\java8path;C:\Program Files\Microsoft MPI\Bin\;C:\Program Files\Python310\Scripts\;C:\Program Files\Python310\;C:\Windows\system32\OpenSSH\;C:\Program Files\Microsoft SQL Server\Client SDK\ODBC\170\Tools\Binn\;C:\Program Files\Microsoft SQL Server\130\Tools\Binn\;C:\Program Files (x86)\Microsoft SQL Server\150\DTS\Binn\;C:\Program Files\Microsoft SQL Server\150\DTS\Binn\;C:\Program Files (x86)\Microsoft SQL Server\150\Tools\Binn\;C:\Program Files\Microsoft SQL Server\150\Tools\Binn\;C:\MinGW\bin;C:\ProgramData\chocolatey\bin;C:\Program Files\Git\cmd;C:\Program Files\dotnet\;C:\Program Files\Microsoft VS Code\bin;C:\hadoop\hive;C:\MinGW\bin;C:\Windows\system32\Wbem;C:\Windows;C:\Windows\system32;C:\laragon\bin;C:\laragon\bin\apache\httpd-2.4.54-win64-VS16\bin;C:\laragon\bin\composer;C:\laragon\bin\git\bin;C:\laragon\bin\git\cmd;C:\laragon\bin\git\mingw64\bin;C:\laragon\bin\git\usr\bin;C:\laragon\bin\laragon\utils;C:\laragon\bin\mysql\mysql-8.0.30-winx64\bin;C:\laragon\bin\nginx\nginx-1.22.0;C:\laragon\bin\ngrok;C:\laragon\bin\notepad++;C:\laragon\bin\php\php-8.3.11-Win32-vs16-x64;C:\laragon\bin\python\python-3.10;C:\laragon\bin\python\python-3.10\Scripts;C:\laragon\bin\redis\redis-x64-5.0.14.1;C:\laragon\bin\telnet;C:\laragon\usr\bin;C:\Users\miguel\AppData\Roaming\Composer\vendor\bin;C:\Users\miguel\AppData\Roaming\npm;C:\MinGW\bin;C:\composer;C:\Users\miguel\AppData\Local\Microsoft\WindowsApps;C:\Users\miguel\AppData\Local\GitHubDesktop\bin;C:\Users\miguel\.dotnet\tools;C:\Program Files\MongoDB\Server\6.0\bin;C:\Users\miguel\AppData\Local\Programs\mongosh\;C:\Users\miguel\.dotnet\tools;C:\Program Files\JetBrains\WebStorm 2024.3.5\bin;;C:\Program Files\JetBrains\JetBrains Rider 2024.3.6\bin;;C:\Users\miguel\AppData\Local\nvm;C:\nvm4w\nodejs;C:\Program Files\Java\jdk-1.8\bin
JRE paths:	C:\Program Files\Java\jdk-1.8;C:\hadoop\hive;C:\WINDOWS\system32;C:\WINDOWS;C:\WINDOWS\System32\Wbem;C:\WINDOWS\System32\WindowsPowerShell\v1.0\;C:\Program Files\Common Files\Oracle\Java\javapath;C:\spark\bin;C:\Program Files (x86)\Thonny\Scripts;C:\Program Files (x86)\Thonny;C:\laragon\bin\php\php-8.1.10-Win32-vs16-x64;C:\Program Files (x86)\Common Files\Oracle\Java\java8path;C:\Program Files\Microsoft MPI\Bin\;C:\Program Files\Python310\Scripts\;C:\Program Files\Python310\;C:\Windows\system32\OpenSSH\;C:\Program Files\Microsoft SQL Server\Client SDK\ODBC\170\Tools\Binn\;C:\Program Files\Microsoft SQL Server\130\Tools\Binn\;C:\Program Files (x86)\Microsoft SQL Server\150\DTS\Binn\;C:\Program Files\Microsoft SQL Server\150\DTS\Binn\;C:\Program Files (x86)\Microsoft SQL Server\150\Tools\Binn\;C:\Program Files\Microsoft SQL Server\150\Tools\Binn\;C:\MinGW\bin;C:\ProgramData\chocolatey\bin;C:\Program Files\Git\cmd;C:\Program Files\dotnet\;C:\Program Files\Microsoft VS Code\bin;C:\hadoop\hive;C:\MinGW\bin;C:\Windows\system32\Wbem;C:\Windows;C:\Windows\system32;C:\laragon\bin;C:\laragon\bin\apache\httpd-2.4.54-win64-VS16\bin;C:\laragon\bin\composer;C:\laragon\bin\git\bin;C:\laragon\bin\git\cmd;C:\laragon\bin\git\mingw64\bin;C:\laragon\bin\git\usr\bin;C:\laragon\bin\laragon\utils;C:\laragon\bin\mysql\mysql-8.0.30-winx64\bin;C:\laragon\bin\nginx\nginx-1.22.0;C:\laragon\bin\ngrok;C:\laragon\bin\notepad++;C:\laragon\bin\php\php-8.3.11-Win32-vs16-x64;C:\laragon\bin\python\python-3.10;C:\laragon\bin\python\python-3.10\Scripts;C:\laragon\bin\redis\redis-x64-5.0.14.1;C:\laragon\bin\telnet;C:\laragon\usr\bin;C:\Users\miguel\AppData\Roaming\Composer\vendor\bin;C:\Users\miguel\AppData\Roaming\npm;C:\MinGW\bin;C:\composer;C:\Users\miguel\AppData\Local\Microsoft\WindowsApps;C:\Users\miguel\AppData\Local\GitHubDesktop\bin;C:\Users\miguel\.dotnet\tools;C:\Program Files\MongoDB\Server\6.0\bin;C:\Users\miguel\AppData\Local\Programs\mongosh\;C:\Users\miguel\.dotnet\tools;C:\Program Files\JetBrains\WebStorm 2024.3.5\bin;;C:\Program Files\JetBrains\JetBrains Rider 2024.3.6\bin;;C:\Users\miguel\AppData\Local\nvm;C:\nvm4w\nodejs;C:\Program Files\Java\jdk-1.8\bin
Check launcher:	C:\Program Files\Java\jdk-1.8\bin\javaw.exe (OK)
Version string: 1.008.000_451 / 64-Bit (OK)
Launcher:	C:\Program Files\Java\jdk-1.8\bin\javaw.exe
Launcher args:	-jar "C:\developer\Java\ProgramacionVisual.exe"
Args length:	47/32768 chars
Exit code:	0


Version:	3.50
CmdLine:	C:\developer\Java\ProgramacionVisual.exe --l4j-debug
JNI:		No
WOW64:		Yes
Working dir:	C:\developer\Java\.
Requires JDK:	No
Requires 64-Bit: No
Java min ver:	
Java max ver:	
Substitute:	JAVA_HOME = C:\Program Files\Java\jdk-1.8
Substitute:	PATH = C:\hadoop\hive;C:\WINDOWS\system32;C:\WINDOWS;C:\WINDOWS\System32\Wbem;C:\WINDOWS\System32\WindowsPowerShell\v1.0\;C:\Program Files\Common Files\Oracle\Java\javapath;C:\spark\bin;C:\Program Files (x86)\Thonny\Scripts;C:\Program Files (x86)\Thonny;C:\laragon\bin\php\php-8.1.10-Win32-vs16-x64;C:\Program Files (x86)\Common Files\Oracle\Java\java8path;C:\Program Files\Microsoft MPI\Bin\;C:\Program Files\Python310\Scripts\;C:\Program Files\Python310\;C:\Windows\system32\OpenSSH\;C:\Program Files\Microsoft SQL Server\Client SDK\ODBC\170\Tools\Binn\;C:\Program Files\Microsoft SQL Server\130\Tools\Binn\;C:\Program Files (x86)\Microsoft SQL Server\150\DTS\Binn\;C:\Program Files\Microsoft SQL Server\150\DTS\Binn\;C:\Program Files (x86)\Microsoft SQL Server\150\Tools\Binn\;C:\Program Files\Microsoft SQL Server\150\Tools\Binn\;C:\MinGW\bin;C:\ProgramData\chocolatey\bin;C:\Program Files\Git\cmd;C:\Program Files\dotnet\;C:\Program Files\Microsoft VS Code\bin;C:\hadoop\hive;C:\MinGW\bin;C:\Windows\system32\Wbem;C:\Windows;C:\Windows\system32;C:\laragon\bin;C:\laragon\bin\apache\httpd-2.4.54-win64-VS16\bin;C:\laragon\bin\composer;C:\laragon\bin\git\bin;C:\laragon\bin\git\cmd;C:\laragon\bin\git\mingw64\bin;C:\laragon\bin\git\usr\bin;C:\laragon\bin\laragon\utils;C:\laragon\bin\mysql\mysql-8.0.30-winx64\bin;C:\laragon\bin\nginx\nginx-1.22.0;C:\laragon\bin\ngrok;C:\laragon\bin\notepad++;C:\laragon\bin\php\php-8.3.11-Win32-vs16-x64;C:\laragon\bin\python\python-3.10;C:\laragon\bin\python\python-3.10\Scripts;C:\laragon\bin\redis\redis-x64-5.0.14.1;C:\laragon\bin\telnet;C:\laragon\usr\bin;C:\Users\miguel\AppData\Roaming\Composer\vendor\bin;C:\Users\miguel\AppData\Roaming\npm;C:\MinGW\bin;C:\composer;C:\Users\miguel\AppData\Local\Microsoft\WindowsApps;C:\Users\miguel\AppData\Local\GitHubDesktop\bin;C:\Users\miguel\.dotnet\tools;C:\Program Files\MongoDB\Server\6.0\bin;C:\Users\miguel\AppData\Local\Programs\mongosh\;C:\Users\miguel\.dotnet\tools;C:\Program Files\JetBrains\WebStorm 2024.3.5\bin;;C:\Program Files\JetBrains\JetBrains Rider 2024.3.6\bin;;C:\Users\miguel\AppData\Local\nvm;C:\nvm4w\nodejs;C:\Program Files\Java\jdk-1.8\bin
JRE paths:	C:\Program Files\Java\jdk-1.8;C:\hadoop\hive;C:\WINDOWS\system32;C:\WINDOWS;C:\WINDOWS\System32\Wbem;C:\WINDOWS\System32\WindowsPowerShell\v1.0\;C:\Program Files\Common Files\Oracle\Java\javapath;C:\spark\bin;C:\Program Files (x86)\Thonny\Scripts;C:\Program Files (x86)\Thonny;C:\laragon\bin\php\php-8.1.10-Win32-vs16-x64;C:\Program Files (x86)\Common Files\Oracle\Java\java8path;C:\Program Files\Microsoft MPI\Bin\;C:\Program Files\Python310\Scripts\;C:\Program Files\Python310\;C:\Windows\system32\OpenSSH\;C:\Program Files\Microsoft SQL Server\Client SDK\ODBC\170\Tools\Binn\;C:\Program Files\Microsoft SQL Server\130\Tools\Binn\;C:\Program Files (x86)\Microsoft SQL Server\150\DTS\Binn\;C:\Program Files\Microsoft SQL Server\150\DTS\Binn\;C:\Program Files (x86)\Microsoft SQL Server\150\Tools\Binn\;C:\Program Files\Microsoft SQL Server\150\Tools\Binn\;C:\MinGW\bin;C:\ProgramData\chocolatey\bin;C:\Program Files\Git\cmd;C:\Program Files\dotnet\;C:\Program Files\Microsoft VS Code\bin;C:\hadoop\hive;C:\MinGW\bin;C:\Windows\system32\Wbem;C:\Windows;C:\Windows\system32;C:\laragon\bin;C:\laragon\bin\apache\httpd-2.4.54-win64-VS16\bin;C:\laragon\bin\composer;C:\laragon\bin\git\bin;C:\laragon\bin\git\cmd;C:\laragon\bin\git\mingw64\bin;C:\laragon\bin\git\usr\bin;C:\laragon\bin\laragon\utils;C:\laragon\bin\mysql\mysql-8.0.30-winx64\bin;C:\laragon\bin\nginx\nginx-1.22.0;C:\laragon\bin\ngrok;C:\laragon\bin\notepad++;C:\laragon\bin\php\php-8.3.11-Win32-vs16-x64;C:\laragon\bin\python\python-3.10;C:\laragon\bin\python\python-3.10\Scripts;C:\laragon\bin\redis\redis-x64-5.0.14.1;C:\laragon\bin\telnet;C:\laragon\usr\bin;C:\Users\miguel\AppData\Roaming\Composer\vendor\bin;C:\Users\miguel\AppData\Roaming\npm;C:\MinGW\bin;C:\composer;C:\Users\miguel\AppData\Local\Microsoft\WindowsApps;C:\Users\miguel\AppData\Local\GitHubDesktop\bin;C:\Users\miguel\.dotnet\tools;C:\Program Files\MongoDB\Server\6.0\bin;C:\Users\miguel\AppData\Local\Programs\mongosh\;C:\Users\miguel\.dotnet\tools;C:\Program Files\JetBrains\WebStorm 2024.3.5\bin;;C:\Program Files\JetBrains\JetBrains Rider 2024.3.6\bin;;C:\Users\miguel\AppData\Local\nvm;C:\nvm4w\nodejs;C:\Program Files\Java\jdk-1.8\bin
Check launcher:	C:\Program Files\Java\jdk-1.8\bin\javaw.exe (OK)
Version string: 1.008.000_451 / 64-Bit (OK)
Launcher:	C:\Program Files\Java\jdk-1.8\bin\javaw.exe
Launcher args:	-jar "C:\developer\Java\ProgramacionVisual.exe"
Args length:	47/32768 chars
Exit code:	0
